Archive member included because of file (symbol)

contiki-sky.a(rimeaddr.o)     obj_sky/contiki-sky-main.o (rimeaddr_copy)
contiki-sky.a(nullrdc.o)      obj_sky/contiki-sky-main.o (nullrdc_driver)
contiki-sky.a(mac.o)          contiki-sky.a(nullrdc.o) (mac_call_sent_callback)
contiki-sky.a(framer-802154.o)
                              contiki-sky.a(nullrdc.o) (framer_802154)
contiki-sky.a(csma.o)         obj_sky/contiki-sky-main.o (csma_driver)
contiki-sky.a(process.o)      obj_sky/contiki-sky-main.o (process_init)
contiki-sky.a(autostart.o)    obj_sky/contiki-sky-main.o (autostart_start)
contiki-sky.a(memb.o)         contiki-sky.a(csma.o) (memb_init)
contiki-sky.a(timer.o)        obj_sky/contiki-sky-main.o (timer_set)
contiki-sky.a(list.o)         contiki-sky.a(csma.o) (list_init)
contiki-sky.a(etimer.o)       obj_sky/contiki-sky-main.o (etimer_process)
contiki-sky.a(ctimer.o)       obj_sky/contiki-sky-main.o (ctimer_init)
contiki-sky.a(energest.o)     obj_sky/contiki-sky-main.o (energest_init)
contiki-sky.a(rtimer.o)       obj_sky/contiki-sky-main.o (rtimer_init)
contiki-sky.a(random.o)       thermostat.co (random_init)
contiki-sky.a(packetbuf.o)    contiki-sky.a(framer-802154.o) (packetbuf_hdrreduce)
contiki-sky.a(queuebuf.o)     obj_sky/contiki-sky-main.o (queuebuf_init)
contiki-sky.a(sicslowpan.o)   obj_sky/contiki-sky-main.o (sicslowpan_driver)
contiki-sky.a(tcpip.o)        contiki-sky.a(sicslowpan.o) (tcpip_set_outputfunc)
contiki-sky.a(uip-ds6-route.o)
                              contiki-sky.a(tcpip.o) (uip_ds6_route_nexthop)
contiki-sky.a(uip-ds6-nbr.o)  contiki-sky.a(tcpip.o) (uip_ds6_nbr_add)
contiki-sky.a(uip-ds6.o)      contiki-sky.a(tcpip.o) (uip_ds6_is_addr_onlink)
contiki-sky.a(uip-nd6.o)      contiki-sky.a(tcpip.o) (uip_nd6_ns_output)
contiki-sky.a(uip6.o)         contiki-sky.a(sicslowpan.o) (uip_aligned_buf)
contiki-sky.a(er-coap-13.o)   thermostat.co (coap_init_message)
contiki-sky.a(er-coap-13-engi)
                              thermostat.co (coap_rest_implementation)
contiki-sky.a(er-coap-13-tran)
                              contiki-sky.a(er-coap-13-engi) (coap_register_as_transaction_handler)
contiki-sky.a(er-coap-13-obse)
                              contiki-sky.a(er-coap-13-tran) (coap_remove_observer_by_client)
contiki-sky.a(erbium.o)       thermostat.co (rest_init_engine)
contiki-sky.a(contiki-sky-pla)
                              obj_sky/contiki-sky-main.o (init_platform)
contiki-sky.a(button-sensor.o)
                              contiki-sky.a(contiki-sky-pla) (button_sensor)
contiki-sky.a(ds2411.o)       obj_sky/contiki-sky-main.o (ds2411_init)
contiki-sky.a(xmem.o)         obj_sky/contiki-sky-main.o (xmem_init)
contiki-sky.a(node-id.o)      obj_sky/contiki-sky-main.o (node_id_restore)
contiki-sky.a(sensors.o)      contiki-sky.a(button-sensor.o) (sensors_changed)
contiki-sky.a(cc2420.o)       obj_sky/contiki-sky-main.o (cc2420_set_channel)
contiki-sky.a(cc2420-arch.o)  contiki-sky.a(cc2420.o) (cc2420_arch_init)
contiki-sky.a(uart1.o)        obj_sky/contiki-sky-main.o (uart1_active)
contiki-sky.a(uart1-putchar.o)
                              obj_sky/contiki-sky-main.o (putchar)
contiki-sky.a(msp430.o)       contiki-sky.a(uart1.o) (msp430_add_lpm_req)
contiki-sky.a(clock.o)        contiki-sky.a(timer.o) (clock_time)
contiki-sky.a(leds.o)         obj_sky/contiki-sky-main.o (leds_init)
contiki-sky.a(leds-arch.o)    contiki-sky.a(leds.o) (leds_arch_init)
contiki-sky.a(watchdog.o)     obj_sky/contiki-sky-main.o (watchdog_start)
contiki-sky.a(rtimer-arch.o)  contiki-sky.a(rtimer.o) (rtimer_arch_init)
contiki-sky.a(frame802154.o)  contiki-sky.a(framer-802154.o) (frame802154_hdrlen)
contiki-sky.a(rpl.o)          contiki-sky.a(uip-ds6-nbr.o) (rpl_link_neighbor_callback)
contiki-sky.a(rpl-dag.o)      contiki-sky.a(rpl.o) (rpl_dag_init)
contiki-sky.a(rpl-icmp6.o)    contiki-sky.a(rpl.o) (dao_output_target)
contiki-sky.a(rpl-timers.o)   contiki-sky.a(rpl.o) (rpl_reset_periodic_timer)
contiki-sky.a(rpl-mrhof.o)    contiki-sky.a(rpl-dag.o) (rpl_mrhof)
contiki-sky.a(rpl-ext-header.)
                              contiki-sky.a(uip6.o) (rpl_verify_header)
contiki-sky.a(stimer.o)       contiki-sky.a(tcpip.o) (stimer_set)
contiki-sky.a(nbr-table.o)    contiki-sky.a(uip-ds6-route.o) (nbr_table_register)
contiki-sky.a(uip-icmp6.o)    contiki-sky.a(uip6.o) (uip_icmp6_echo_request_input)
contiki-sky.a(uip-udp-packet.)
                              contiki-sky.a(er-coap-13.o) (uip_udp_packet_send)
contiki-sky.a(spi.o)          contiki-sky.a(xmem.o) (spi_init)
/usr/lib/gcc/msp430/4.6.3/mmpy-16/libgcc.a(_mulsi3.o)
                              contiki-sky.a(csma.o) (__mulsi3)
/usr/lib/gcc/msp430/4.6.3/mmpy-16/libgcc.a(_udivmod16.o)
                              contiki-sky.a(rpl-dag.o) (__udivhi3)
/usr/lib/gcc/msp430/4.6.3/mmpy-16/libgcc.a(_divmod16.o)
                              contiki-sky.a(nbr-table.o) (__divhi3)
/usr/lib/gcc/msp430/4.6.3/mmpy-16/libgcc.a(_udivmod32.o)
[...]
Memory Configuration

Name             Origin             Length             Attributes
sfr              0x0000000000000000 0x0000000000000010
peripheral_8bit  0x0000000000000010 0x00000000000000f0
peripheral_16bit 0x0000000000000100 0x0000000000000100
ram_mirror       0x0000000000000200 0x0000000000000800 xw
infomem          0x0000000000001000 0x0000000000000100
infob            0x0000000000001000 0x0000000000000080
infoa            0x0000000000001080 0x0000000000000080
ram              0x0000000000001100 0x0000000000002800 xw
rom              0x0000000000004000 0x000000000000bfe0 xr
vectors          0x000000000000ffe0 0x0000000000000020
bsl              0x0000000000000000 0x0000000000000000
infoc            0x0000000000000000 0x0000000000000000
infod            0x0000000000000000 0x0000000000000000
ram2             0x0000000000000000 0x0000000000000000 xw
usbram           0x0000000000000000 0x0000000000000000 xw
far_rom          0x0000000000000000 0x0000000000000000
*default*        0x0000000000000000 0xffffffffffffffff

Linker script and memory map

LOAD /usr/lib/gcc/msp430/4.6.3/mmpy-16/crt0ivtbl16.o
LOAD thermostat.co
LOAD obj_sky/contiki-sky-main.o
LOAD contiki-sky.a
LOAD /usr/lib/gcc/msp430/4.6.3/mmpy-16/libgcc.a
LOAD /usr/lib/gcc/msp430/4.6.3/../../../../msp430/lib/mmpy-16/libc.a
LOAD /usr/lib/gcc/msp430/4.6.3/mmpy-16/libgcc.a
LOAD /usr/lib/gcc/msp430/4.6.3/mmpy-16/libcrt0.a
                0x0000000000000080                PROVIDE (__info_segment_size, 0x80)
                0x0000000000001000                PROVIDE (__infob, 0x1000)
                0x0000000000001080                PROVIDE (__infoa, 0x1080)
                0x0000000000000000                __IE1 = 0x0
                0x0000000000000002                __IFG1 = 0x2
                0x0000000000000004                __ME1 = 0x4
                0x0000000000000001                __IE2 = 0x1
                0x0000000000000003                __IFG2 = 0x3
                0x0000000000000005                __ME2 = 0x5
                0x0000000000000120                __WDTCTL = 0x120
                0x0000000000000130                __MPY = 0x130
                0x0000000000000132                __MPYS = 0x132
                0x0000000000000134                __MAC = 0x134
                0x0000000000000136                __MACS = 0x136
                0x0000000000000138                __OP2 = 0x138
                0x000000000000013a                __RESLO = 0x13a
                0x000000000000013c                __RESHI = 0x13c
                0x000000000000013e                __SUMEXT = 0x13e
                0x0000000000000020                __P1IN = 0x20
                0x0000000000000021                __P1OUT = 0x21
                0x0000000000000022                __P1DIR = 0x22
                0x0000000000000023                __P1IFG = 0x23
                0x0000000000000024                __P1IES = 0x24
                0x0000000000000025                __P1IE = 0x25
                0x0000000000000026                __P1SEL = 0x26
                0x0000000000000028                __P2IN = 0x28
                0x0000000000000029                __P2OUT = 0x29
                0x000000000000002a                __P2DIR = 0x2a
                0x000000000000002b                __P2IFG = 0x2b
                0x000000000000002c                __P2IES = 0x2c
                0x000000000000002d                __P2IE = 0x2d
                0x000000000000002e                __P2SEL = 0x2e
                0x0000000000000018                __P3IN = 0x18
                0x0000000000000019                __P3OUT = 0x19
                0x000000000000001a                __P3DIR = 0x1a
                0x000000000000001b                __P3SEL = 0x1b
                0x000000000000001c                __P4IN = 0x1c
                0x000000000000001d                __P4OUT = 0x1d
                0x000000000000001e                __P4DIR = 0x1e
                0x000000000000001f                __P4SEL = 0x1f
                0x0000000000000030                __P5IN = 0x30
                0x0000000000000031                __P5OUT = 0x31
                0x0000000000000032                __P5DIR = 0x32
                0x0000000000000033                __P5SEL = 0x33
                0x0000000000000034                __P6IN = 0x34
                0x0000000000000035                __P6OUT = 0x35
                0x0000000000000036                __P6DIR = 0x36
                0x0000000000000037                __P6SEL = 0x37
                0x0000000000000070                __U0CTL = 0x70
                0x0000000000000071                __U0TCTL = 0x71
                0x0000000000000072                __U0RCTL = 0x72
                0x0000000000000073                __U0MCTL = 0x73
                0x0000000000000074                __U0BR0 = 0x74
                0x0000000000000075                __U0BR1 = 0x75
                0x0000000000000076                __U0RXBUF = 0x76
                0x0000000000000077                __U0TXBUF = 0x77
                0x0000000000000078                __U1CTL = 0x78
                0x0000000000000079                __U1TCTL = 0x79
                0x000000000000007a                __U1RCTL = 0x7a
                0x000000000000007b                __U1MCTL = 0x7b
                0x000000000000007c                __U1BR0 = 0x7c
                0x000000000000007d                __U1BR1 = 0x7d
                0x000000000000007e                __U1RXBUF = 0x7e
                0x000000000000007f                __U1TXBUF = 0x7f
                0x0000000000000050                __I2CIE = 0x50
                0x0000000000000051                __I2CIFG = 0x51
                0x0000000000000052                __I2CNDAT = 0x52
                0x0000000000000071                __I2CTCTL = 0x71
                0x0000000000000072                __I2CDCTL = 0x72
                0x0000000000000073                __I2CPSC = 0x73
                0x0000000000000074                __I2CSCLH = 0x74
                0x0000000000000075                __I2CSCLL = 0x75
                0x0000000000000076                __I2CDRB = 0x76
                0x0000000000000076                __I2CDRW = 0x76
                0x0000000000000118                __I2COA = 0x118
                0x000000000000011a                __I2CSA = 0x11a
                0x000000000000011c                __I2CIV = 0x11c
                0x000000000000012e                __TAIV = 0x12e
                0x0000000000000160                __TACTL = 0x160
                0x0000000000000162                __TACCTL0 = 0x162
                0x0000000000000164                __TACCTL1 = 0x164
                0x0000000000000166                __TACCTL2 = 0x166
                0x0000000000000170                __TAR = 0x170
                0x0000000000000172                __TACCR0 = 0x172
                0x0000000000000174                __TACCR1 = 0x174
                0x0000000000000176                __TACCR2 = 0x176
                0x000000000000011e                __TBIV = 0x11e
                0x0000000000000180                __TBCTL = 0x180
                0x0000000000000182                __TBCCTL0 = 0x182
                0x0000000000000184                __TBCCTL1 = 0x184
                0x0000000000000186                __TBCCTL2 = 0x186
                0x0000000000000188                __TBCCTL3 = 0x188
                0x000000000000018a                __TBCCTL4 = 0x18a
                0x000000000000018c                __TBCCTL5 = 0x18c
                0x000000000000018e                __TBCCTL6 = 0x18e
                0x0000000000000190                __TBR = 0x190
                0x0000000000000192                __TBCCR0 = 0x192
                0x0000000000000194                __TBCCR1 = 0x194
                0x0000000000000196                __TBCCR2 = 0x196
                0x0000000000000198                __TBCCR3 = 0x198
                0x000000000000019a                __TBCCR4 = 0x19a
                0x000000000000019c                __TBCCR5 = 0x19c
                0x000000000000019e                __TBCCR6 = 0x19e
                0x0000000000000056                __DCOCTL = 0x56
                0x0000000000000057                __BCSCTL1 = 0x57
                0x0000000000000058                __BCSCTL2 = 0x58
                0x0000000000000055                __SVSCTL = 0x55
                0x0000000000000128                __FCTL1 = 0x128
                0x000000000000012a                __FCTL2 = 0x12a
                0x000000000000012c                __FCTL3 = 0x12c
                0x0000000000000059                __CACTL1 = 0x59
                0x000000000000005a                __CACTL2 = 0x5a
                0x000000000000005b                __CAPD = 0x5b
                0x00000000000001a0                __ADC12CTL0 = 0x1a0
                0x00000000000001a2                __ADC12CTL1 = 0x1a2
                0x00000000000001a4                __ADC12IFG = 0x1a4
                0x00000000000001a6                __ADC12IE = 0x1a6
                0x00000000000001a8                __ADC12IV = 0x1a8
                0x0000000000000140                __ADC12MEM0 = 0x140
                0x0000000000000142                __ADC12MEM1 = 0x142
                0x0000000000000144                __ADC12MEM2 = 0x144
                0x0000000000000146                __ADC12MEM3 = 0x146
                0x0000000000000148                __ADC12MEM4 = 0x148
                0x000000000000014a                __ADC12MEM5 = 0x14a
                0x000000000000014c                __ADC12MEM6 = 0x14c
                0x000000000000014e                __ADC12MEM7 = 0x14e
                0x0000000000000150                __ADC12MEM8 = 0x150
                0x0000000000000152                __ADC12MEM9 = 0x152
                0x0000000000000154                __ADC12MEM10 = 0x154
                0x0000000000000156                __ADC12MEM11 = 0x156
                0x0000000000000158                __ADC12MEM12 = 0x158
                0x000000000000015a                __ADC12MEM13 = 0x15a
                0x000000000000015c                __ADC12MEM14 = 0x15c
                0x000000000000015e                __ADC12MEM15 = 0x15e
                0x0000000000000080                __ADC12MCTL0 = 0x80
                0x0000000000000081                __ADC12MCTL1 = 0x81
                0x0000000000000082                __ADC12MCTL2 = 0x82
                0x0000000000000083                __ADC12MCTL3 = 0x83
                0x0000000000000084                __ADC12MCTL4 = 0x84
                0x0000000000000085                __ADC12MCTL5 = 0x85
                0x0000000000000086                __ADC12MCTL6 = 0x86
                0x0000000000000087                __ADC12MCTL7 = 0x87
                0x0000000000000088                __ADC12MCTL8 = 0x88
                0x0000000000000089                __ADC12MCTL9 = 0x89
                0x000000000000008a                __ADC12MCTL10 = 0x8a
                0x000000000000008b                __ADC12MCTL11 = 0x8b
                0x000000000000008c                __ADC12MCTL12 = 0x8c
                0x000000000000008d                __ADC12MCTL13 = 0x8d
                0x000000000000008e                __ADC12MCTL14 = 0x8e
                0x000000000000008f                __ADC12MCTL15 = 0x8f
                0x00000000000001c0                __DAC12_0CTL = 0x1c0
                0x00000000000001c2                __DAC12_1CTL = 0x1c2
                0x00000000000001c8                __DAC12_0DAT = 0x1c8
                0x00000000000001ca                __DAC12_1DAT = 0x1ca
                0x0000000000000122                __DMACTL0 = 0x122
                0x0000000000000124                __DMACTL1 = 0x124
                0x00000000000001e0                __DMA0CTL = 0x1e0
                0x00000000000001e8                __DMA1CTL = 0x1e8
                0x00000000000001f0                __DMA2CTL = 0x1f0
                0x00000000000001e2                __DMA0SA = 0x1e2
                0x00000000000001e4                __DMA0DA = 0x1e4
                0x00000000000001e6                __DMA0SZ = 0x1e6
                0x00000000000001ea                __DMA1SA = 0x1ea
                0x00000000000001ec                __DMA1DA = 0x1ec
                0x00000000000001ee                __DMA1SZ = 0x1ee
                0x00000000000001f2                __DMA2SA = 0x1f2
                0x00000000000001f4                __DMA2DA = 0x1f4
                0x00000000000001f6                __DMA2SZ = 0x1f6

.hash
 *(.hash)

.dynsym
 *(.dynsym)

.dynstr
 *(.dynstr)

.gnu.version
 *(.gnu.version)

.gnu.version_d
 *(.gnu.version_d)

.gnu.version_r
 *(.gnu.version_r)

.rel.init
 *(.rel.init)

.rela.init
 *(.rela.init)

.rel.fini
 *(.rel.fini)

.rela.fini
 *(.rela.fini)

.rel.text
 *(.rel.text .rel.text.* .rel.gnu.linkonce.t.*)

.rela.text
 *(.rela.text .rela.text.* .rela.gnu.linkonce.t.*)

.rel.rodata
 *(.rel.rodata .rel.rodata.* .rel.gnu.linkonce.r.*)

.rela.rodata
 *(.rela.rodata .rela.rodata.* .rela.gnu.linkonce.r.*)

.rel.data
 *(.rel.data .rel.data.* .rel.gnu.linkonce.d.*)

.rela.data
 *(.rela.data .rela.data.* .rela.gnu.linkonce.d.*)

.rel.bss
 *(.rel.bss .rel.bss.* .rel.gnu.linkonce.b.*)

.rela.bss
 *(.rela.bss .rela.bss.* .rela.gnu.linkonce.b.*)

.rel.ctors
 *(.rel.ctors)

.rela.ctors
 *(.rela.ctors)

.rel.dtors
 *(.rel.dtors)

.rela.dtors
 *(.rela.dtors)

.rel.got
 *(.rel.got)

.rela.got
 *(.rela.got)

.rel.plt
 *(.rel.plt)

.rela.plt
 *(.rela.plt)

.text           0x0000000000004000     0xb844
                0x0000000000004000                . = ALIGN (0x2)
 *(.init .init.*)
 *(.init0)
 .init0         0x0000000000004000        0x0 /usr/lib/gcc/msp430/4.6.3/mmpy-16/libcrt0.a(_reset_vector__.o)
                0x0000000000004000                _reset_vector__
 *(.init1)
 .init1         0x0000000000004000        0xc /usr/lib/gcc/msp430/4.6.3/mmpy-16/libcrt0.a(__watchdog_support.o)
                0x0000000000004000                __watchdog_support
 *(.init2)
 .init2         0x000000000000400c        0x4 /usr/lib/gcc/msp430/4.6.3/mmpy-16/libcrt0.a(__init_stack.o)
                0x000000000000400c                __init_stack
 *(.init3)
 .init3         0x0000000000004010        0x0 /usr/lib/gcc/msp430/4.6.3/mmpy-16/libcrt0.a(__low_level_init.o)
                0x0000000000004010                __low_level_init
 *(.init4)
 .init4         0x0000000000004010       0x18 /usr/lib/gcc/msp430/4.6.3/mmpy-16/libcrt0.a(_copy_data.o)
                0x0000000000004010                __do_copy_data
 .init4         0x0000000000004028       0x16 /usr/lib/gcc/msp430/4.6.3/mmpy-16/libcrt0.a(_clear_bss.o)
                0x0000000000004028                __do_clear_bss
 *(.init5)
 *(.init6)
 *(.init7)
 *(.init8)
 *(.init9)
 .init9         0x000000000000403e      0x364 obj_sky/contiki-sky-main.o
                0x000000000000403e                main
 *(.fini9)
 .fini9         0x00000000000043a2        0x0 /usr/lib/gcc/msp430/4.6.3/mmpy-16/libcrt0.a(__stop_progExec__.o)
                0x00000000000043a2                __stop_progExec__
 *(.fini8)
 *(.fini7)
 *(.fini6)
 *(.fini5)
 *(.fini4)
 *(.fini3)
 *(.fini2)
 *(.fini1)
 *(.fini0)
 .fini0         0x00000000000043a2        0x6 /usr/lib/gcc/msp430/4.6.3/mmpy-16/libcrt0.a(_endless_loop__.o)
                0x00000000000043a2                _endless_loop__
 *(.fini .fini.*)
                0x00000000000043a8                . = ALIGN (0x2)
                0x00000000000043a8                __ctors_start = .
 *(.ctors)
                0x00000000000043a8                __ctors_end = .
                0x00000000000043a8                __dtors_start = .
 *(.dtors)
                0x00000000000043a8                __dtors_end = .
                0x00000000000043a8                . = ALIGN (0x2)
 *(.text .text.* .gnu.linkonce.t.*)
 .text          0x00000000000043a8        0x4 /usr/lib/gcc/msp430/4.6.3/mmpy-16/crt0ivtbl16.o
                0x00000000000043a8                __isr_14
                0x00000000000043a8                __isr_11
                0x00000000000043a8                __isr_2
                0x00000000000043a8                __isr_7
                0x00000000000043a8                __isr_0
                0x00000000000043a8                __isr_8
                0x00000000000043a8                __isr_3
                0x00000000000043a8                __isr_12
                0x00000000000043a8                __isr_13
                0x00000000000043a8                __isr_9
 .text.process_thread_sensor_smtthmst_process
                0x00000000000043ac       0xd6 thermostat.co
 .text.set_device_handler
                0x0000000000004482      0x1d0 thermostat.co
                0x0000000000004482                set_device_handler
 .text.get_temperature_handler
                0x0000000000004652       0x48 thermostat.co
                0x0000000000004652                get_temperature_handler
 .text.get_temperature_periodic_handler
                0x000000000000469a       0x58 thermostat.co
                0x000000000000469a                get_temperature_periodic_handler
 .text.get_status_handler
                0x00000000000046f2       0x8a thermostat.co
                0x00000000000046f2                get_status_handler
 .text.discover_handler
                0x000000000000477c       0x98 thermostat.co
                0x000000000000477c                discover_handler
 .text.rimeaddr_copy
                0x0000000000004814        0x8 contiki-sky.a(rimeaddr.o)
                0x0000000000004814                rimeaddr_copy
 .text.rimeaddr_cmp
                0x000000000000481c       0x12 contiki-sky.a(rimeaddr.o)
                0x000000000000481c                rimeaddr_cmp
 .text.rimeaddr_set_node_addr
                0x000000000000482e        0xc contiki-sky.a(rimeaddr.o)
                0x000000000000482e                rimeaddr_set_node_addr
 .text.on       0x000000000000483a        0x6 contiki-sky.a(nullrdc.o)
 .text.channel_check_interval
                0x0000000000004840        0x4 contiki-sky.a(nullrdc.o)
 .text.init     0x0000000000004844        0x6 contiki-sky.a(nullrdc.o)
 .text.send_one_packet
                0x000000000000484a       0x6a contiki-sky.a(nullrdc.o)
 .text.send_list
                0x00000000000048b4       0x30 contiki-sky.a(nullrdc.o)
 .text.send_packet
                0x00000000000048e4        0x6 contiki-sky.a(nullrdc.o)
 .text.off      0x00000000000048ea       0x10 contiki-sky.a(nullrdc.o)
 .text.packet_input
                0x00000000000048fa       0x36 contiki-sky.a(nullrdc.o)
 .text.mac_call_sent_callback
                0x0000000000004930       0x14 contiki-sky.a(mac.o)
                0x0000000000004930                mac_call_sent_callback
 .text.parse    0x0000000000004944       0xaa contiki-sky.a(framer-802154.o)
 .text.create   0x00000000000049ee      0x10e contiki-sky.a(framer-802154.o)
 .text.input_packet
                0x0000000000004afc        0x6 contiki-sky.a(csma.o)
 .text.on       0x0000000000004b02        0x6 contiki-sky.a(csma.o)
 .text.off      0x0000000000004b08        0x6 contiki-sky.a(csma.o)
 .text.channel_check_interval
                0x0000000000004b0e       0x10 contiki-sky.a(csma.o)
 .text.transmit_packet_list
                0x0000000000004b1e       0x24 contiki-sky.a(csma.o)
 .text.send_packet
                0x0000000000004b42      0x164 contiki-sky.a(csma.o)
 .text.init     0x0000000000004ca6       0x1a contiki-sky.a(csma.o)
 .text.free_packet
                0x0000000000004cc0       0x9c contiki-sky.a(csma.o)
 .text.packet_sent
                0x0000000000004d5c      0x130 contiki-sky.a(csma.o)
 .text.call_process
                0x0000000000004e8c       0x4a contiki-sky.a(process.o)
 .text.exit_process
                0x0000000000004ed6       0x96 contiki-sky.a(process.o)
 .text.do_poll  0x0000000000004f6c       0x30 contiki-sky.a(process.o)
 .text.process_alloc_event
                0x0000000000004f9c        0xe contiki-sky.a(process.o)
                0x0000000000004f9c                process_alloc_event
 .text.process_init
                0x0000000000004faa       0x1c contiki-sky.a(process.o)
                0x0000000000004faa                process_init
 .text.process_run
                0x0000000000004fc6       0xa2 contiki-sky.a(process.o)
                0x0000000000004fc6                process_run
 .text.process_nevents
                0x0000000000005068        0xe contiki-sky.a(process.o)
                0x0000000000005068                process_nevents
 .text.process_post
                0x0000000000005076       0x54 contiki-sky.a(process.o)
                0x0000000000005076                process_post
 .text.process_post_synch
                0x00000000000050ca       0x12 contiki-sky.a(process.o)
                0x00000000000050ca                process_post_synch
 .text.process_start
                0x00000000000050dc       0x32 contiki-sky.a(process.o)
                0x00000000000050dc                process_start
 .text.process_poll
                0x000000000000510e       0x18 contiki-sky.a(process.o)
                0x000000000000510e                process_poll
 .text.autostart_start
                0x0000000000005126       0x16 contiki-sky.a(autostart.o)
                0x0000000000005126                autostart_start
 .text.memb_init
                0x000000000000513c       0x36 contiki-sky.a(memb.o)
                0x000000000000513c                memb_init
 .text.memb_alloc
                0x0000000000005172       0x3e contiki-sky.a(memb.o)
                0x0000000000005172                memb_alloc
 .text.memb_free
                0x00000000000051b0       0x3a contiki-sky.a(memb.o)
                0x00000000000051b0                memb_free
 .text.memb_inmemb
                0x00000000000051ea       0x2e contiki-sky.a(memb.o)
                0x00000000000051ea                memb_inmemb
 .text.timer_set
                0x0000000000005218       0x1c contiki-sky.a(timer.o)
                0x0000000000005218                timer_set
 .text.timer_reset
                0x0000000000005234        0xe contiki-sky.a(timer.o)
                0x0000000000005234                timer_reset
 .text.timer_restart
                0x0000000000005242       0x14 contiki-sky.a(timer.o)
                0x0000000000005242                timer_restart
 .text.timer_expired
                0x0000000000005256       0x2a contiki-sky.a(timer.o)
                0x0000000000005256                timer_expired
 .text.list_init
                0x0000000000005280        0x6 contiki-sky.a(list.o)
                0x0000000000005280                list_init
 .text.list_head
                0x0000000000005286        0x4 contiki-sky.a(list.o)
                0x0000000000005286                list_head
 .text.list_tail
                0x000000000000528a       0x12 contiki-sky.a(list.o)
                0x000000000000528a                list_tail
 .text.list_remove
                0x000000000000529c       0x34 contiki-sky.a(list.o)
                0x000000000000529c                list_remove
 .text.list_push
                0x00000000000052d0       0x1a contiki-sky.a(list.o)
                0x00000000000052d0                list_push
 .text.list_add
                0x00000000000052ea       0x2a contiki-sky.a(list.o)
                0x00000000000052ea                list_add
 .text.list_length
                0x0000000000005314       0x10 contiki-sky.a(list.o)
                0x0000000000005314                list_length
 .text.list_item_next
                0x0000000000005324        0xc contiki-sky.a(list.o)
                0x0000000000005324                list_item_next
 .text.update_time
                0x0000000000005330       0x78 contiki-sky.a(etimer.o)
 .text.etimer_request_poll
                0x00000000000053a8        0xa contiki-sky.a(etimer.o)
                0x00000000000053a8                etimer_request_poll
 .text.process_thread_etimer_process
                0x00000000000053b2       0xc8 contiki-sky.a(etimer.o)
 .text.add_timer
                0x000000000000547a       0x40 contiki-sky.a(etimer.o)
 .text.etimer_set
                0x00000000000054ba       0x12 contiki-sky.a(etimer.o)
                0x00000000000054ba                etimer_set
 .text.etimer_reset
                0x00000000000054cc       0x12 contiki-sky.a(etimer.o)
                0x00000000000054cc                etimer_reset
 .text.etimer_restart
                0x00000000000054de       0x12 contiki-sky.a(etimer.o)
                0x00000000000054de                etimer_restart
 .text.etimer_expired
                0x00000000000054f0        0xe contiki-sky.a(etimer.o)
                0x00000000000054f0                etimer_expired
 .text.etimer_expiration_time
                0x00000000000054fe       0x14 contiki-sky.a(etimer.o)
                0x00000000000054fe                etimer_expiration_time
 .text.etimer_pending
                0x0000000000005512        0xc contiki-sky.a(etimer.o)
                0x0000000000005512                etimer_pending
 .text.etimer_next_expiration_time
                0x000000000000551e       0x16 contiki-sky.a(etimer.o)
                0x000000000000551e                etimer_next_expiration_time
 .text.etimer_stop
                0x0000000000005534       0x3c contiki-sky.a(etimer.o)
                0x0000000000005534                etimer_stop
 .text.process_thread_ctimer_process
                0x0000000000005570       0xa4 contiki-sky.a(ctimer.o)
 .text.ctimer_init
                0x0000000000005614       0x18 contiki-sky.a(ctimer.o)
                0x0000000000005614                ctimer_init
 .text.ctimer_set
                0x000000000000562c       0x5a contiki-sky.a(ctimer.o)
                0x000000000000562c                ctimer_set
 .text.ctimer_reset
                0x0000000000005686       0x3a contiki-sky.a(ctimer.o)
                0x0000000000005686                ctimer_reset
 .text.ctimer_stop
                0x00000000000056c0       0x28 contiki-sky.a(ctimer.o)
                0x00000000000056c0                ctimer_stop
 .text.energest_init
                0x00000000000056e8       0x28 contiki-sky.a(energest.o)
                0x00000000000056e8                energest_init
 .text.energest_type_time
                0x0000000000005710       0x46 contiki-sky.a(energest.o)
                0x0000000000005710                energest_type_time
 .text.energest_type_set
                0x0000000000005756        0xe contiki-sky.a(energest.o)
                0x0000000000005756                energest_type_set
 .text.energest_flush
                0x0000000000005764       0x48 contiki-sky.a(energest.o)
                0x0000000000005764                energest_flush
 .text.rtimer_init
                0x00000000000057ac        0x6 contiki-sky.a(rtimer.o)
                0x00000000000057ac                rtimer_init
 .text.rtimer_run_next
                0x00000000000057b2       0x26 contiki-sky.a(rtimer.o)
                0x00000000000057b2                rtimer_run_next
 .text.random_init
                0x00000000000057d8        0x6 contiki-sky.a(random.o)
                0x00000000000057d8                random_init
 .text.random_rand
                0x00000000000057de        0x6 contiki-sky.a(random.o)
                0x00000000000057de                random_rand
 .text.packetbuf_copyto_hdr
                0x00000000000057e4       0x1c contiki-sky.a(packetbuf.o)
                0x00000000000057e4                packetbuf_copyto_hdr
 .text.packetbuf_copyto
                0x0000000000005800       0x52 contiki-sky.a(packetbuf.o)
                0x0000000000005800                packetbuf_copyto
 .text.packetbuf_hdrreduce
                0x0000000000005852       0x1a contiki-sky.a(packetbuf.o)
                0x0000000000005852                packetbuf_hdrreduce
 .text.packetbuf_set_datalen
                0x000000000000586c        0x6 contiki-sky.a(packetbuf.o)
                0x000000000000586c                packetbuf_set_datalen
 .text.packetbuf_dataptr
                0x0000000000005872        0xe contiki-sky.a(packetbuf.o)
                0x0000000000005872                packetbuf_dataptr
 .text.packetbuf_hdrptr
                0x0000000000005880        0xa contiki-sky.a(packetbuf.o)
                0x0000000000005880                packetbuf_hdrptr
 .text.packetbuf_is_reference
                0x000000000000588a        0xe contiki-sky.a(packetbuf.o)
                0x000000000000588a                packetbuf_is_reference
 .text.packetbuf_reference_ptr
                0x0000000000005898        0x6 contiki-sky.a(packetbuf.o)
                0x0000000000005898                packetbuf_reference_ptr
 .text.packetbuf_datalen
                0x000000000000589e        0x6 contiki-sky.a(packetbuf.o)
                0x000000000000589e                packetbuf_datalen
 .text.packetbuf_totlen
                0x00000000000058a4       0x10 contiki-sky.a(packetbuf.o)
                0x00000000000058a4                packetbuf_totlen
 .text.packetbuf_hdralloc
                0x00000000000058b4       0x2e contiki-sky.a(packetbuf.o)
                0x00000000000058b4                packetbuf_hdralloc
 .text.packetbuf_attr_clear
                0x00000000000058e2       0x30 contiki-sky.a(packetbuf.o)
                0x00000000000058e2                packetbuf_attr_clear
 .text.packetbuf_clear
                0x0000000000005912       0x1a contiki-sky.a(packetbuf.o)
                0x0000000000005912                packetbuf_clear
 .text.packetbuf_copyfrom
                0x000000000000592c       0x2e contiki-sky.a(packetbuf.o)
                0x000000000000592c                packetbuf_copyfrom
 .text.packetbuf_attr_copyto
                0x000000000000595a       0x22 contiki-sky.a(packetbuf.o)
                0x000000000000595a                packetbuf_attr_copyto
 .text.packetbuf_attr_copyfrom
                0x000000000000597c       0x24 contiki-sky.a(packetbuf.o)
                0x000000000000597c                packetbuf_attr_copyfrom
 .text.queuebuf_init
                0x00000000000059a0       0x1a contiki-sky.a(queuebuf.o)
                0x00000000000059a0                queuebuf_init
 .text.queuebuf_new_from_packetbuf
                0x00000000000059ba       0x7e contiki-sky.a(queuebuf.o)
                0x00000000000059ba                queuebuf_new_from_packetbuf
 .text.queuebuf_update_attr_from_packetbuf
                0x0000000000005a38       0x12 contiki-sky.a(queuebuf.o)
                0x0000000000005a38                queuebuf_update_attr_from_packetbuf
 .text.queuebuf_free
                0x0000000000005a4a       0x40 contiki-sky.a(queuebuf.o)
                0x0000000000005a4a                queuebuf_free
 .text.queuebuf_to_packetbuf
                0x0000000000005a8a       0x6e contiki-sky.a(queuebuf.o)
                0x0000000000005a8a                queuebuf_to_packetbuf
 .text.queuebuf_attr
                0x0000000000005af8        0xe contiki-sky.a(queuebuf.o)
                0x0000000000005af8                queuebuf_attr
 .text.set_packet_attrs
                0x0000000000005b06       0x44 contiki-sky.a(sicslowpan.o)
 .text.addr_context_lookup_by_number
                0x0000000000005b4a       0x36 contiki-sky.a(sicslowpan.o)
 .text.compress_addr_64
                0x0000000000005b80       0xae contiki-sky.a(sicslowpan.o)
 .text.uncompress_addr
                0x0000000000005c2e       0xb4 contiki-sky.a(sicslowpan.o)
 .text.input    0x0000000000005ce2      0x642 contiki-sky.a(sicslowpan.o)
 .text.sicslowpan_init
                0x0000000000006324       0x26 contiki-sky.a(sicslowpan.o)
                0x0000000000006324                sicslowpan_init
 .text.addr_context_lookup_by_prefix
                0x000000000000634a       0x4c contiki-sky.a(sicslowpan.o)
 .text.send_packet
                0x0000000000006396       0x1a contiki-sky.a(sicslowpan.o)
 .text.output   0x00000000000063b0      0x700 contiki-sky.a(sicslowpan.o)
 .text.packet_sent
                0x0000000000006ab0       0x22 contiki-sky.a(sicslowpan.o)
 .text.tcpip_output
                0x0000000000006ad2       0x10 contiki-sky.a(tcpip.o)
                0x0000000000006ad2                tcpip_output
 .text.tcpip_set_outputfunc
                0x0000000000006ae2        0x6 contiki-sky.a(tcpip.o)
                0x0000000000006ae2                tcpip_set_outputfunc
 .text.udp_new  0x0000000000006ae8       0x1a contiki-sky.a(tcpip.o)
                0x0000000000006ae8                udp_new
 .text.tcpip_input
                0x0000000000006b02       0x16 contiki-sky.a(tcpip.o)
                0x0000000000006b02                tcpip_input
 .text.tcpip_ipv6_output
                0x0000000000006b18      0x148 contiki-sky.a(tcpip.o)
                0x0000000000006b18                tcpip_ipv6_output
 .text.process_thread_tcpip_process
                0x0000000000006c60       0xd0 contiki-sky.a(tcpip.o)
 .text.tcpip_uipcall
                0x0000000000006d30       0x2a contiki-sky.a(tcpip.o)
                0x0000000000006d30                tcpip_uipcall
 .text.call_route_callback
                0x0000000000006d5a       0x4c contiki-sky.a(uip-ds6-route.o)
 .text.uip_ds6_route_init
                0x0000000000006da6       0x2e contiki-sky.a(uip-ds6-route.o)
                0x0000000000006da6                uip_ds6_route_init
 .text.uip_ds6_route_nexthop
                0x0000000000006dd4       0x1a contiki-sky.a(uip-ds6-route.o)
                0x0000000000006dd4                uip_ds6_route_nexthop
 .text.uip_ds6_route_head
                0x0000000000006dee       0x28 contiki-sky.a(uip-ds6-route.o)
                0x0000000000006dee                uip_ds6_route_head
 .text.uip_ds6_route_next
                0x0000000000006e16       0x3a contiki-sky.a(uip-ds6-route.o)
                0x0000000000006e16                uip_ds6_route_next
 .text.uip_ds6_route_lookup
                0x0000000000006e50       0x5e contiki-sky.a(uip-ds6-route.o)
                0x0000000000006e50                uip_ds6_route_lookup
 .text.uip_ds6_route_add
                0x0000000000006eae       0xb4 contiki-sky.a(uip-ds6-route.o)
                0x0000000000006eae                uip_ds6_route_add
 .text.uip_ds6_route_rm
                0x0000000000006f62       0x60 contiki-sky.a(uip-ds6-route.o)
                0x0000000000006f62                uip_ds6_route_rm
 .text.rm_routelist
                0x0000000000006fc2       0x30 contiki-sky.a(uip-ds6-route.o)
 .text.rm_routelist_callback
                0x0000000000006ff2        0x6 contiki-sky.a(uip-ds6-route.o)
 .text.uip_ds6_defrt_rm
                0x0000000000006ff8       0x48 contiki-sky.a(uip-ds6-route.o)
                0x0000000000006ff8                uip_ds6_defrt_rm
 .text.uip_ds6_defrt_lookup
                0x0000000000007040       0x36 contiki-sky.a(uip-ds6-route.o)
                0x0000000000007040                uip_ds6_defrt_lookup
 .text.uip_ds6_defrt_add
                0x0000000000007076       0x74 contiki-sky.a(uip-ds6-route.o)
                0x0000000000007076                uip_ds6_defrt_add
 .text.uip_ds6_defrt_choose
                0x00000000000070ea       0x3a contiki-sky.a(uip-ds6-route.o)
                0x00000000000070ea                uip_ds6_defrt_choose
 .text.uip_ds6_defrt_periodic
                0x0000000000007124       0x38 contiki-sky.a(uip-ds6-route.o)
                0x0000000000007124                uip_ds6_defrt_periodic
 .text.uip_ds6_nbr_rm
                0x000000000000715c       0x1a contiki-sky.a(uip-ds6-nbr.o)
                0x000000000000715c                uip_ds6_nbr_rm
 .text.uip_ds6_neighbors_init
                0x0000000000007176        0xe contiki-sky.a(uip-ds6-nbr.o)
                0x0000000000007176                uip_ds6_neighbors_init
 .text.uip_ds6_nbr_add
                0x0000000000007184       0x60 contiki-sky.a(uip-ds6-nbr.o)
                0x0000000000007184                uip_ds6_nbr_add
 .text.uip_ds6_nbr_get_ll
                0x00000000000071e4        0xc contiki-sky.a(uip-ds6-nbr.o)
                0x00000000000071e4                uip_ds6_nbr_get_ll
 .text.uip_ds6_nbr_lookup
                0x00000000000071f0       0x42 contiki-sky.a(uip-ds6-nbr.o)
                0x00000000000071f0                uip_ds6_nbr_lookup
 .text.uip_ds6_nbr_ll_lookup
                0x0000000000007232        0xc contiki-sky.a(uip-ds6-nbr.o)
                0x0000000000007232                uip_ds6_nbr_ll_lookup
 .text.uip_ds6_nbr_ipaddr_from_lladdr
                0x000000000000723e        0x6 contiki-sky.a(uip-ds6-nbr.o)
                0x000000000000723e                uip_ds6_nbr_ipaddr_from_lladdr
 .text.uip_ds6_nbr_lladdr_from_ipaddr
                0x0000000000007244       0x12 contiki-sky.a(uip-ds6-nbr.o)
                0x0000000000007244                uip_ds6_nbr_lladdr_from_ipaddr
 .text.uip_ds6_link_neighbor_callback
                0x0000000000007256       0x2a contiki-sky.a(uip-ds6-nbr.o)
                0x0000000000007256                uip_ds6_link_neighbor_callback
 .text.uip_ds6_neighbor_periodic
                0x0000000000007280       0xfc contiki-sky.a(uip-ds6-nbr.o)
                0x0000000000007280                uip_ds6_neighbor_periodic
 .text.uip_ds6_list_loop
                0x000000000000737c       0x86 contiki-sky.a(uip-ds6.o)
                0x000000000000737c                uip_ds6_list_loop
 .text.uip_ds6_prefix_add
                0x0000000000007402       0x80 contiki-sky.a(uip-ds6.o)
                0x0000000000007402                uip_ds6_prefix_add
 .text.uip_ds6_is_addr_onlink
                0x0000000000007482       0x54 contiki-sky.a(uip-ds6.o)
                0x0000000000007482                uip_ds6_is_addr_onlink
 .text.uip_ds6_addr_lookup
                0x00000000000074d6       0x2a contiki-sky.a(uip-ds6.o)
                0x00000000000074d6                uip_ds6_addr_lookup
 .text.uip_ds6_get_link_local
                0x0000000000007500       0x3e contiki-sky.a(uip-ds6.o)
                0x0000000000007500                uip_ds6_get_link_local
 .text.uip_ds6_maddr_add
                0x000000000000753e       0x4c contiki-sky.a(uip-ds6.o)
                0x000000000000753e                uip_ds6_maddr_add
 .text.uip_ds6_addr_add
                0x000000000000758a       0xc4 contiki-sky.a(uip-ds6.o)
                0x000000000000758a                uip_ds6_addr_add
 .text.uip_ds6_maddr_lookup
                0x000000000000764e       0x2a contiki-sky.a(uip-ds6.o)
                0x000000000000764e                uip_ds6_maddr_lookup
 .text.uip_ds6_addr_rm
                0x0000000000007678       0x54 contiki-sky.a(uip-ds6.o)
                0x0000000000007678                uip_ds6_addr_rm
 .text.uip_ds6_periodic
                0x00000000000076cc       0x4a contiki-sky.a(uip-ds6.o)
                0x00000000000076cc                uip_ds6_periodic
 .text.uip_ds6_set_addr_iid
                0x0000000000007716       0x14 contiki-sky.a(uip-ds6.o)
                0x0000000000007716                uip_ds6_set_addr_iid
 .text.get_match_length
                0x000000000000772a       0x3e contiki-sky.a(uip-ds6.o)
                0x000000000000772a                get_match_length
 .text.uip_ds6_select_src
                0x0000000000007768       0xaa contiki-sky.a(uip-ds6.o)
                0x0000000000007768                uip_ds6_select_src
 .text.uip_ds6_compute_reachable_time
                0x0000000000007812       0x3e contiki-sky.a(uip-ds6.o)
                0x0000000000007812                uip_ds6_compute_reachable_time
 .text.uip_ds6_init
                0x0000000000007850      0x154 contiki-sky.a(uip-ds6.o)
                0x0000000000007850                uip_ds6_init
 .text.create_llao
                0x00000000000079a4       0x2c contiki-sky.a(uip-nd6.o)
 .text.uip_nd6_ns_input
                0x00000000000079d0      0x230 contiki-sky.a(uip-nd6.o)
                0x00000000000079d0                uip_nd6_ns_input
 .text.uip_nd6_ns_output
                0x0000000000007c00      0x158 contiki-sky.a(uip-nd6.o)
                0x0000000000007c00                uip_nd6_ns_output
 .text.uip_nd6_na_input
                0x0000000000007d58      0x1b6 contiki-sky.a(uip-nd6.o)
                0x0000000000007d58                uip_nd6_na_input
 .text.chksum   0x0000000000007f0e       0x32 contiki-sky.a(uip6.o)
 .text.upper_layer_chksum
                0x0000000000007f40       0x56 contiki-sky.a(uip6.o)
 .text.ext_hdr_options_process
                0x0000000000007f96       0xda contiki-sky.a(uip6.o)
 .text.uip_icmp6chksum
                0x0000000000008070        0xa contiki-sky.a(uip6.o)
                0x0000000000008070                uip_icmp6chksum
 .text.uip_udpchksum
                0x000000000000807a        0xa contiki-sky.a(uip6.o)
                0x000000000000807a                uip_udpchksum
 .text.uip_init
                0x0000000000008084       0x3a contiki-sky.a(uip6.o)
                0x0000000000008084                uip_init
 .text.remove_ext_hdr
                0x00000000000080be       0x5a contiki-sky.a(uip6.o)
                0x00000000000080be                remove_ext_hdr
 .text.uip_udp_new
                0x0000000000008118       0xf4 contiki-sky.a(uip6.o)
                0x0000000000008118                uip_udp_new
 .text.uip_process
                0x000000000000820c      0x4d8 contiki-sky.a(uip6.o)
                0x000000000000820c                uip_process
 .text.uip_htonl
                0x00000000000086e4       0x2e contiki-sky.a(uip6.o)
                0x00000000000086e4                uip_htonl
 .text.coap_parse_int_option
                0x0000000000008712       0x46 contiki-sky.a(er-coap-13.o)
 .text.coap_set_option_header
                0x0000000000008758       0xa6 contiki-sky.a(er-coap-13.o)
 .text.coap_serialize_int_option
                0x00000000000087fe       0xda contiki-sky.a(er-coap-13.o)
 .text.coap_get_variable
                0x00000000000088d8       0xbe contiki-sky.a(er-coap-13.o)
 .text.coap_serialize_array_option
                0x0000000000008996       0xe4 contiki-sky.a(er-coap-13.o)
 .text.coap_merge_multi_option.part.1
                0x0000000000008a7a       0x34 contiki-sky.a(er-coap-13.o)
 .text.coap_init_connection
                0x0000000000008aae       0x22 contiki-sky.a(er-coap-13.o)
                0x0000000000008aae                coap_init_connection
 .text.coap_get_mid
                0x0000000000008ad0        0xc contiki-sky.a(er-coap-13.o)
                0x0000000000008ad0                coap_get_mid
 .text.coap_init_message
                0x0000000000008adc       0x30 contiki-sky.a(er-coap-13.o)
                0x0000000000008adc                coap_init_message
 .text.coap_serialize_message
                0x0000000000008b0c      0x434 contiki-sky.a(er-coap-13.o)
                0x0000000000008b0c                coap_serialize_message
 .text.coap_send_message
                0x0000000000008f40       0x4a contiki-sky.a(er-coap-13.o)
                0x0000000000008f40                coap_send_message
 .text.coap_parse_message
                0x0000000000008f8a      0x4b4 contiki-sky.a(er-coap-13.o)
                0x0000000000008f8a                coap_parse_message
 .text.coap_get_query_variable
                0x000000000000943e       0x1c contiki-sky.a(er-coap-13.o)
                0x000000000000943e                coap_get_query_variable
 .text.coap_get_post_variable
                0x000000000000945a       0x20 contiki-sky.a(er-coap-13.o)
                0x000000000000945a                coap_get_post_variable
 .text.coap_set_status_code
                0x000000000000947a       0x12 contiki-sky.a(er-coap-13.o)
                0x000000000000947a                coap_set_status_code
 .text.coap_get_header_content_type
                0x000000000000948c       0x14 contiki-sky.a(er-coap-13.o)
                0x000000000000948c                coap_get_header_content_type
 .text.coap_set_header_content_type
                0x00000000000094a0        0xe contiki-sky.a(er-coap-13.o)
                0x00000000000094a0                coap_set_header_content_type
 .text.coap_get_header_accept
                0x00000000000094ae       0x1c contiki-sky.a(er-coap-13.o)
                0x00000000000094ae                coap_get_header_accept
 .text.coap_get_header_max_age
                0x00000000000094ca       0x26 contiki-sky.a(er-coap-13.o)
                0x00000000000094ca                coap_get_header_max_age
 .text.coap_set_header_max_age
                0x00000000000094f0       0x12 contiki-sky.a(er-coap-13.o)
                0x00000000000094f0                coap_set_header_max_age
 .text.coap_set_header_etag
                0x0000000000009502       0x2a contiki-sky.a(er-coap-13.o)
                0x0000000000009502                coap_set_header_etag
 .text.coap_get_header_if_match
                0x000000000000952c       0x1c contiki-sky.a(er-coap-13.o)
                0x000000000000952c                coap_get_header_if_match
 .text.coap_get_header_if_none_match
                0x0000000000009548       0x10 contiki-sky.a(er-coap-13.o)
                0x0000000000009548                coap_get_header_if_none_match
 .text.coap_set_header_token
                0x0000000000009558       0x24 contiki-sky.a(er-coap-13.o)
                0x0000000000009558                coap_set_header_token
 .text.coap_get_header_uri_host
                0x000000000000957c       0x18 contiki-sky.a(er-coap-13.o)
                0x000000000000957c                coap_get_header_uri_host
 .text.coap_get_header_uri_path
                0x0000000000009594       0x18 contiki-sky.a(er-coap-13.o)
                0x0000000000009594                coap_get_header_uri_path
 .text.coap_set_header_uri_path
                0x00000000000095ac       0x2a contiki-sky.a(er-coap-13.o)
                0x00000000000095ac                coap_set_header_uri_path
 .text.coap_get_header_uri_query
                0x00000000000095d6       0x16 contiki-sky.a(er-coap-13.o)
                0x00000000000095d6                coap_get_header_uri_query
 .text.coap_set_header_location_query
                0x00000000000095ec       0x2c contiki-sky.a(er-coap-13.o)
                0x00000000000095ec                coap_set_header_location_query
 .text.coap_set_header_location_path
                0x0000000000009618       0x88 contiki-sky.a(er-coap-13.o)
                0x0000000000009618                coap_set_header_location_path
 .text.coap_set_header_observe
                0x00000000000096a0        0xe contiki-sky.a(er-coap-13.o)
                0x00000000000096a0                coap_set_header_observe
 .text.coap_get_header_block2
                0x00000000000096ae       0x4c contiki-sky.a(er-coap-13.o)
                0x00000000000096ae                coap_get_header_block2
 .text.coap_set_header_block2
                0x00000000000096fa       0x40 contiki-sky.a(er-coap-13.o)
                0x00000000000096fa                coap_set_header_block2
 .text.coap_get_header_size
                0x000000000000973a       0x1e contiki-sky.a(er-coap-13.o)
                0x000000000000973a                coap_get_header_size
 .text.coap_set_header_size
                0x0000000000009758       0x12 contiki-sky.a(er-coap-13.o)
                0x0000000000009758                coap_set_header_size
 .text.coap_get_payload
                0x000000000000976a       0x1a contiki-sky.a(er-coap-13.o)
                0x000000000000976a                coap_get_payload
 .text.coap_set_payload
                0x0000000000009784       0x16 contiki-sky.a(er-coap-13.o)
                0x0000000000009784                coap_set_payload
 .text.coap_set_service_callback
                0x000000000000979a        0x6 contiki-sky.a(er-coap-13-engi)
                0x000000000000979a                coap_set_service_callback
 .text.coap_get_rest_method
                0x00000000000097a0       0x1a contiki-sky.a(er-coap-13-engi)
                0x00000000000097a0                coap_get_rest_method
 .text.process_thread_coap_receiver
                0x00000000000097ba      0x3e6 contiki-sky.a(er-coap-13-engi)
 .text.well_known_core_handler
                0x0000000000009ba0      0x420 contiki-sky.a(er-coap-13-engi)
                0x0000000000009ba0                well_known_core_handler
 .text.coap_receiver_init
                0x0000000000009fc0        0xc contiki-sky.a(er-coap-13-engi)
                0x0000000000009fc0                coap_receiver_init
 .text.coap_register_as_transaction_handler
                0x0000000000009fcc        0x8 contiki-sky.a(er-coap-13-tran)
                0x0000000000009fcc                coap_register_as_transaction_handler
 .text.coap_new_transaction
                0x0000000000009fd4       0x4e contiki-sky.a(er-coap-13-tran)
                0x0000000000009fd4                coap_new_transaction
 .text.coap_clear_transaction
                0x000000000000a022       0x26 contiki-sky.a(er-coap-13-tran)
                0x000000000000a022                coap_clear_transaction
 .text.coap_send_transaction
                0x000000000000a048       0xc8 contiki-sky.a(er-coap-13-tran)
                0x000000000000a048                coap_send_transaction
 .text.coap_get_transaction_by_mid
                0x000000000000a110       0x1e contiki-sky.a(er-coap-13-tran)
                0x000000000000a110                coap_get_transaction_by_mid
 .text.coap_check_transactions
                0x000000000000a12e       0x2e contiki-sky.a(er-coap-13-tran)
                0x000000000000a12e                coap_check_transactions
 .text.coap_remove_observer
                0x000000000000a15c       0x1c contiki-sky.a(er-coap-13-obse)
                0x000000000000a15c                coap_remove_observer
 .text.coap_remove_observer_by_client
                0x000000000000a178       0x4c contiki-sky.a(er-coap-13-obse)
                0x000000000000a178                coap_remove_observer_by_client
 .text.coap_remove_observer_by_url
                0x000000000000a1c4       0x7e contiki-sky.a(er-coap-13-obse)
                0x000000000000a1c4                coap_remove_observer_by_url
 .text.coap_add_observer
                0x000000000000a242       0x80 contiki-sky.a(er-coap-13-obse)
                0x000000000000a242                coap_add_observer
 .text.coap_remove_observer_by_mid
                0x000000000000a2c2       0x58 contiki-sky.a(er-coap-13-obse)
                0x000000000000a2c2                coap_remove_observer_by_mid
 .text.coap_notify_observers
                0x000000000000a31a       0xc4 contiki-sky.a(er-coap-13-obse)
                0x000000000000a31a                coap_notify_observers
 .text.coap_observe_handler
                0x000000000000a3de       0x98 contiki-sky.a(er-coap-13-obse)
                0x000000000000a3de                coap_observe_handler
 .text.process_thread_rest_manager_process
                0x000000000000a476       0xc4 contiki-sky.a(erbium.o)
 .text.rest_invoke_restful_service
                0x000000000000a53a      0x10e contiki-sky.a(erbium.o)
                0x000000000000a53a                rest_invoke_restful_service
 .text.rest_init_engine
                0x000000000000a648       0x26 contiki-sky.a(erbium.o)
                0x000000000000a648                rest_init_engine
 .text.rest_activate_resource
                0x000000000000a66e       0x24 contiki-sky.a(erbium.o)
                0x000000000000a66e                rest_activate_resource
 .text.rest_activate_periodic_resource
                0x000000000000a692       0x24 contiki-sky.a(erbium.o)
                0x000000000000a692                rest_activate_periodic_resource
 .text.rest_get_resources
                0x000000000000a6b6        0x6 contiki-sky.a(erbium.o)
                0x000000000000a6b6                rest_get_resources
 .text.init_platform
                0x000000000000a6bc        0xc contiki-sky.a(contiki-sky-pla)
                0x000000000000a6bc                init_platform
 .text.status   0x000000000000a6c8       0x16 contiki-sky.a(button-sensor.o)
 .text.configure
                0x000000000000a6de       0x52 contiki-sky.a(button-sensor.o)
 .text.value    0x000000000000a730       0x22 contiki-sky.a(button-sensor.o)
 .text.irq_p2   0x000000000000a752       0x8a contiki-sky.a(button-sensor.o)
                0x000000000000a752                irq_p2
                0x000000000000a752                __isr_1
 .text.owreadb  0x000000000000a7dc       0x52 contiki-sky.a(ds2411.o)
 .text.ds2411_init
                0x000000000000a82e      0x122 contiki-sky.a(ds2411.o)
                0x000000000000a82e                ds2411_init
 .text.wait_ready
                0x000000000000a950       0x50 contiki-sky.a(xmem.o)
 .text.xmem_init
                0x000000000000a9a0       0x3e contiki-sky.a(xmem.o)
                0x000000000000a9a0                xmem_init
 .text.xmem_pread
                0x000000000000a9de       0xea contiki-sky.a(xmem.o)
                0x000000000000a9de                xmem_pread
 .text.node_id_restore
                0x000000000000aac8       0x38 contiki-sky.a(node-id.o)
                0x000000000000aac8                node_id_restore
 .text.process_thread_sensors_process
                0x000000000000ab00       0xbe contiki-sky.a(sensors.o)
 .text.sensors_changed
                0x000000000000abbe       0x2a contiki-sky.a(sensors.o)
                0x000000000000abbe                sensors_changed
 .text.strobe   0x000000000000abe8       0x20 contiki-sky.a(cc2420.o)
 .text.status   0x000000000000ac08       0x26 contiki-sky.a(cc2420.o)
 .text.getreg   0x000000000000ac2e       0x54 contiki-sky.a(cc2420.o)
 .text.setreg   0x000000000000ac82       0x52 contiki-sky.a(cc2420.o)
 .text.set_txpower
                0x000000000000acd4       0x26 contiki-sky.a(cc2420.o)
 .text.cc2420_receiving_packet
                0x000000000000acfa        0xe contiki-sky.a(cc2420.o)
 .text.pending_packet
                0x000000000000ad08        0x8 contiki-sky.a(cc2420.o)
 .text.on       0x000000000000ad10       0x40 contiki-sky.a(cc2420.o)
 .text.flushrx  0x000000000000ad50       0x7a contiki-sky.a(cc2420.o)
 .text.off      0x000000000000adca       0x72 contiki-sky.a(cc2420.o)
 .text.RELEASE_LOCK
                0x000000000000ae3c       0x28 contiki-sky.a(cc2420.o)
 .text.cc2420_prepare
                0x000000000000ae64       0x8a contiki-sky.a(cc2420.o)
 .text.getrxdata
                0x000000000000aeee       0x56 contiki-sky.a(cc2420.o)
 .text.cc2420_on
                0x000000000000af44       0x22 contiki-sky.a(cc2420.o)
                0x000000000000af44                cc2420_on
 .text.cc2420_off
                0x000000000000af66       0x30 contiki-sky.a(cc2420.o)
                0x000000000000af66                cc2420_off
 .text.cc2420_cca
                0x000000000000af96       0x74 contiki-sky.a(cc2420.o)
 .text.cc2420_read
                0x000000000000b00a       0xe6 contiki-sky.a(cc2420.o)
 .text.process_thread_cc2420_process
                0x000000000000b0f0       0x50 contiki-sky.a(cc2420.o)
 .text.cc2420_set_channel
                0x000000000000b140       0x78 contiki-sky.a(cc2420.o)
                0x000000000000b140                cc2420_set_channel
 .text.cc2420_set_pan_addr
                0x000000000000b1b8      0x14a contiki-sky.a(cc2420.o)
                0x000000000000b1b8                cc2420_set_pan_addr
 .text.cc2420_init
                0x000000000000b302       0xd0 contiki-sky.a(cc2420.o)
                0x000000000000b302                cc2420_init
 .text.cc2420_interrupt
                0x000000000000b3d2       0x20 contiki-sky.a(cc2420.o)
                0x000000000000b3d2                cc2420_interrupt
 .text.cc2420_get_txpower
                0x000000000000b3f2       0x1e contiki-sky.a(cc2420.o)
                0x000000000000b3f2                cc2420_get_txpower
 .text.cc2420_transmit
                0x000000000000b410      0x1a0 contiki-sky.a(cc2420.o)
 .text.cc2420_send
                0x000000000000b5b0       0x12 contiki-sky.a(cc2420.o)
 .text.cc2420_port1_interrupt
                0x000000000000b5c2       0x62 contiki-sky.a(cc2420-arch.o)
                0x000000000000b5c2                __isr_4
                0x000000000000b5c2                cc2420_port1_interrupt
 .text.cc2420_arch_init
                0x000000000000b624       0x1a contiki-sky.a(cc2420-arch.o)
                0x000000000000b624                cc2420_arch_init
 .text.uart1_active
                0x000000000000b63e       0x1a contiki-sky.a(uart1.o)
                0x000000000000b63e                uart1_active
 .text.uart1_writeb
                0x000000000000b658       0x1a contiki-sky.a(uart1.o)
                0x000000000000b658                uart1_writeb
 .text.uart1_init
                0x000000000000b672       0xf6 contiki-sky.a(uart1.o)
                0x000000000000b672                uart1_init
 .text.putchar  0x000000000000b768       0x10 contiki-sky.a(uart1-putchar.o)
                0x000000000000b768                putchar
 .text.msp430_init_dco
                0x000000000000b778       0x84 contiki-sky.a(msp430.o)
                0x000000000000b778                msp430_init_dco
 .text.msp430_add_lpm_req
                0x000000000000b7fc        0xc contiki-sky.a(msp430.o)
                0x000000000000b7fc                msp430_add_lpm_req
 .text.msp430_cpu_init
                0x000000000000b808       0x2a contiki-sky.a(msp430.o)
                0x000000000000b808                msp430_cpu_init
 .text.splhigh_
                0x000000000000b832        0x8 contiki-sky.a(msp430.o)
                0x000000000000b832                splhigh_
 .text.msp430_sync_dco
                0x000000000000b83a       0x68 contiki-sky.a(msp430.o)
                0x000000000000b83a                msp430_sync_dco
 .text.timera1  0x000000000000b8a2       0xfe contiki-sky.a(clock.o)
                0x000000000000b8a2                __isr_5
                0x000000000000b8a2                timera1
 .text.clock_time
                0x000000000000b9a0       0x1a contiki-sky.a(clock.o)
                0x000000000000b9a0                clock_time
 .text.clock_init
                0x000000000000b9ba       0x28 contiki-sky.a(clock.o)
                0x000000000000b9ba                clock_init
 .text.clock_delay
                0x000000000000b9e2        0xc contiki-sky.a(clock.o)
                0x000000000000b9e2                clock_delay
 .text.clock_seconds
                0x000000000000b9ee       0x1a contiki-sky.a(clock.o)
                0x000000000000b9ee                clock_seconds
 .text.show_leds
                0x000000000000ba08      0x100 contiki-sky.a(leds.o)
 .text.leds_init
                0x000000000000bb08        0xe contiki-sky.a(leds.o)
                0x000000000000bb08                leds_init
 .text.leds_on  0x000000000000bb16       0x14 contiki-sky.a(leds.o)
                0x000000000000bb16                leds_on
 .text.leds_off
                0x000000000000bb2a       0x14 contiki-sky.a(leds.o)
                0x000000000000bb2a                leds_off
 .text.leds_arch_init
                0x000000000000bb3e        0xe contiki-sky.a(leds-arch.o)
                0x000000000000bb3e                leds_arch_init
 .text.leds_arch_set
                0x000000000000bb4c       0x3a contiki-sky.a(leds-arch.o)
                0x000000000000bb4c                leds_arch_set
 .text.watchdog_interrupt
                0x000000000000bb86        0x6 contiki-sky.a(watchdog.o)
                0x000000000000bb86                __isr_10
                0x000000000000bb86                watchdog_interrupt
 .text.watchdog_start
                0x000000000000bb8c       0x14 contiki-sky.a(watchdog.o)
                0x000000000000bb8c                watchdog_start
 .text.watchdog_periodic
                0x000000000000bba0       0x12 contiki-sky.a(watchdog.o)
                0x000000000000bba0                watchdog_periodic
 .text.watchdog_stop
                0x000000000000bbb2       0x16 contiki-sky.a(watchdog.o)
                0x000000000000bbb2                watchdog_stop
 .text.watchdog_init
                0x000000000000bbc8       0x14 contiki-sky.a(watchdog.o)
                0x000000000000bbc8                watchdog_init
 .text.rtimer_arch_init
                0x000000000000bbdc        0xe contiki-sky.a(rtimer-arch.o)
                0x000000000000bbdc                rtimer_arch_init
 .text.rtimer_arch_now
                0x000000000000bbea        0xe contiki-sky.a(rtimer-arch.o)
                0x000000000000bbea                rtimer_arch_now
 .text.timera0  0x000000000000bbf8       0x70 contiki-sky.a(rtimer-arch.o)
                0x000000000000bbf8                __isr_6
                0x000000000000bbf8                timera0
 .text.rtimer_arch_schedule
                0x000000000000bc68        0x6 contiki-sky.a(rtimer-arch.o)
                0x000000000000bc68                rtimer_arch_schedule
 .text.field_len
                0x000000000000bc6e       0x98 contiki-sky.a(frame802154.o)
 .text.frame802154_hdrlen
                0x000000000000bd06       0x2e contiki-sky.a(frame802154.o)
                0x000000000000bd06                frame802154_hdrlen
 .text.frame802154_create
                0x000000000000bd34      0x172 contiki-sky.a(frame802154.o)
                0x000000000000bd34                frame802154_create
 .text.frame802154_parse
                0x000000000000bea6      0x1e8 contiki-sky.a(frame802154.o)
                0x000000000000bea6                frame802154_parse
 .text.rpl_purge_routes
                0x000000000000c08e       0x96 contiki-sky.a(rpl.o)
                0x000000000000c08e                rpl_purge_routes
 .text.rpl_remove_routes
                0x000000000000c124       0x22 contiki-sky.a(rpl.o)
                0x000000000000c124                rpl_remove_routes
 .text.rpl_remove_routes_by_nexthop
                0x000000000000c146       0x46 contiki-sky.a(rpl.o)
                0x000000000000c146                rpl_remove_routes_by_nexthop
 .text.rpl_add_route
                0x000000000000c18c       0x44 contiki-sky.a(rpl.o)
                0x000000000000c18c                rpl_add_route
 .text.rpl_link_neighbor_callback
                0x000000000000c1d0       0x6a contiki-sky.a(rpl.o)
                0x000000000000c1d0                rpl_link_neighbor_callback
 .text.rpl_ipv6_neighbor_callback
                0x000000000000c23a       0x1e contiki-sky.a(rpl.o)
                0x000000000000c23a                rpl_ipv6_neighbor_callback
 .text.rpl_init
                0x000000000000c258       0x40 contiki-sky.a(rpl.o)
                0x000000000000c258                rpl_init
 .text.lollipop_greater_than
                0x000000000000c298       0x44 contiki-sky.a(rpl-dag.o)
 .text.acceptable_rank
                0x000000000000c2dc       0x50 contiki-sky.a(rpl-dag.o)
 .text.find_parent_any_dag_any_instance
                0x000000000000c32c       0x14 contiki-sky.a(rpl-dag.o)
 .text.rpl_set_preferred_parent
                0x000000000000c340       0x30 contiki-sky.a(rpl-dag.o)
 .text.set_ip_from_prefix
                0x000000000000c370       0x38 contiki-sky.a(rpl-dag.o)
 .text.check_prefix
                0x000000000000c3a8       0x80 contiki-sky.a(rpl-dag.o)
 .text.rpl_dag_init
                0x000000000000c428        0xe contiki-sky.a(rpl-dag.o)
                0x000000000000c428                rpl_dag_init
 .text.rpl_get_parent_ipaddr
                0x000000000000c436       0x10 contiki-sky.a(rpl-dag.o)
                0x000000000000c436                rpl_get_parent_ipaddr
 .text.rpl_set_prefix
                0x000000000000c446       0x8e contiki-sky.a(rpl-dag.o)
                0x000000000000c446                rpl_set_prefix
 .text.rpl_set_default_route
                0x000000000000c4d4       0x5a contiki-sky.a(rpl-dag.o)
                0x000000000000c4d4                rpl_set_default_route
 .text.rpl_alloc_instance
                0x000000000000c52e       0x2c contiki-sky.a(rpl-dag.o)
                0x000000000000c52e                rpl_alloc_instance
 .text.rpl_add_parent
                0x000000000000c55a       0x3c contiki-sky.a(rpl-dag.o)
                0x000000000000c55a                rpl_add_parent
 .text.rpl_find_parent
                0x000000000000c596       0x1a contiki-sky.a(rpl-dag.o)
                0x000000000000c596                rpl_find_parent
 .text.rpl_find_parent_any_dag
                0x000000000000c5b0       0x22 contiki-sky.a(rpl-dag.o)
                0x000000000000c5b0                rpl_find_parent_any_dag
 .text.rpl_select_parent
                0x000000000000c5d2       0x5c contiki-sky.a(rpl-dag.o)
                0x000000000000c5d2                rpl_select_parent
 .text.rpl_select_dag
                0x000000000000c62e      0x182 contiki-sky.a(rpl-dag.o)
                0x000000000000c62e                rpl_select_dag
 .text.rpl_nullify_parent
                0x000000000000c7b0       0x4e contiki-sky.a(rpl-dag.o)
                0x000000000000c7b0                rpl_nullify_parent
 .text.rpl_remove_parent
                0x000000000000c7fe       0x16 contiki-sky.a(rpl-dag.o)
                0x000000000000c7fe                rpl_remove_parent
 .text.remove_parents.constprop.2
                0x000000000000c814       0x32 contiki-sky.a(rpl-dag.o)
 .text.rpl_free_dag
                0x000000000000c846       0x36 contiki-sky.a(rpl-dag.o)
                0x000000000000c846                rpl_free_dag
 .text.rpl_free_instance
                0x000000000000c87c       0x5c contiki-sky.a(rpl-dag.o)
                0x000000000000c87c                rpl_free_instance
 .text.rpl_move_parent
                0x000000000000c8d8       0x6e contiki-sky.a(rpl-dag.o)
                0x000000000000c8d8                rpl_move_parent
 .text.rpl_get_any_dag
                0x000000000000c946       0x18 contiki-sky.a(rpl-dag.o)
                0x000000000000c946                rpl_get_any_dag
 .text.rpl_get_instance
                0x000000000000c95e       0x1a contiki-sky.a(rpl-dag.o)
                0x000000000000c95e                rpl_get_instance
 .text.get_dag  0x000000000000c978       0x56 contiki-sky.a(rpl-dag.o)
 .text.rpl_alloc_dag
                0x000000000000c9ce       0x66 contiki-sky.a(rpl-dag.o)
                0x000000000000c9ce                rpl_alloc_dag
 .text.rpl_repair_root
                0x000000000000ca34       0x50 contiki-sky.a(rpl-dag.o)
                0x000000000000ca34                rpl_repair_root
 .text.rpl_find_of
                0x000000000000ca84       0x10 contiki-sky.a(rpl-dag.o)
                0x000000000000ca84                rpl_find_of
 .text.rpl_join_instance
                0x000000000000ca94      0x13c contiki-sky.a(rpl-dag.o)
                0x000000000000ca94                rpl_join_instance
 .text.rpl_local_repair
                0x000000000000cbd0       0x7c contiki-sky.a(rpl-dag.o)
                0x000000000000cbd0                rpl_local_repair
 .text.rpl_process_parent_event
                0x000000000000cc4c       0x4e contiki-sky.a(rpl-dag.o)
                0x000000000000cc4c                rpl_process_parent_event
 .text.rpl_recalculate_ranks
                0x000000000000cc9a       0x42 contiki-sky.a(rpl-dag.o)
                0x000000000000cc9a                rpl_recalculate_ranks
 .text.rpl_add_dag
                0x000000000000ccdc      0x112 contiki-sky.a(rpl-dag.o)
                0x000000000000ccdc                rpl_add_dag
 .text.rpl_process_dio
                0x000000000000cdee      0x26c contiki-sky.a(rpl-dag.o)
                0x000000000000cdee                rpl_process_dio
 .text.get32    0x000000000000d05a       0x46 contiki-sky.a(rpl-icmp6.o)
 .text.set32    0x000000000000d0a0       0x2a contiki-sky.a(rpl-icmp6.o)
 .text.get16    0x000000000000d0ca        0xe contiki-sky.a(rpl-icmp6.o)
 .text.set16    0x000000000000d0d8       0x10 contiki-sky.a(rpl-icmp6.o)
 .text.dis_output
                0x000000000000d0e8       0x50 contiki-sky.a(rpl-icmp6.o)
                0x000000000000d0e8                dis_output
 .text.dio_output
                0x000000000000d138      0x264 contiki-sky.a(rpl-icmp6.o)
                0x000000000000d138                dio_output
 .text.dao_output_target
                0x000000000000d39c       0xe2 contiki-sky.a(rpl-icmp6.o)
                0x000000000000d39c                dao_output_target
 .text.dao_output
                0x000000000000d47e       0x80 contiki-sky.a(rpl-icmp6.o)
                0x000000000000d47e                dao_output
 .text.dao_ack_output
                0x000000000000d4fe       0x32 contiki-sky.a(rpl-icmp6.o)
                0x000000000000d4fe                dao_ack_output
 .text.uip_rpl_input
                0x000000000000d530      0x538 contiki-sky.a(rpl-icmp6.o)
                0x000000000000d530                uip_rpl_input
 .text.new_dio_interval
                0x000000000000da68       0x92 contiki-sky.a(rpl-timers.o)
 .text.handle_periodic_timer
                0x000000000000dafa       0x2e contiki-sky.a(rpl-timers.o)
 .text.handle_dao_timer
                0x000000000000db28       0x50 contiki-sky.a(rpl-timers.o)
 .text.handle_dio_timer
                0x000000000000db78       0x82 contiki-sky.a(rpl-timers.o)
 .text.rpl_reset_periodic_timer
                0x000000000000dbfa       0x60 contiki-sky.a(rpl-timers.o)
                0x000000000000dbfa                rpl_reset_periodic_timer
 .text.rpl_reset_dio_timer
                0x000000000000dc5a       0x18 contiki-sky.a(rpl-timers.o)
                0x000000000000dc5a                rpl_reset_dio_timer
 .text.rpl_schedule_dao
                0x000000000000dc72       0x50 contiki-sky.a(rpl-timers.o)
                0x000000000000dc72                rpl_schedule_dao
 .text.reset    0x000000000000dcc2        0x2 contiki-sky.a(rpl-mrhof.o)
 .text.neighbor_link_callback
                0x000000000000dcc4       0x8a contiki-sky.a(rpl-mrhof.o)
 .text.calculate_rank
                0x000000000000dd4e       0x30 contiki-sky.a(rpl-mrhof.o)
 .text.best_parent
                0x000000000000dd7e       0x52 contiki-sky.a(rpl-mrhof.o)
 .text.update_metric_container
                0x000000000000ddd0        0x6 contiki-sky.a(rpl-mrhof.o)
 .text.best_dag
                0x000000000000ddd6       0x34 contiki-sky.a(rpl-mrhof.o)
 .text.rpl_verify_header
                0x000000000000de0a       0xbc contiki-sky.a(rpl-ext-header.)
                0x000000000000de0a                rpl_verify_header
 .text.rpl_update_header_empty
                0x000000000000dec6       0xf0 contiki-sky.a(rpl-ext-header.)
                0x000000000000dec6                rpl_update_header_empty
 .text.rpl_update_header_final
                0x000000000000dfb6       0x86 contiki-sky.a(rpl-ext-header.)
                0x000000000000dfb6                rpl_update_header_final
 .text.rpl_invert_header
                0x000000000000e03c       0x4c contiki-sky.a(rpl-ext-header.)
                0x000000000000e03c                rpl_invert_header
 .text.rpl_insert_header
                0x000000000000e088       0x1c contiki-sky.a(rpl-ext-header.)
                0x000000000000e088                rpl_insert_header
 .text.stimer_set
                0x000000000000e0a4       0x1c contiki-sky.a(stimer.o)
                0x000000000000e0a4                stimer_set
 .text.stimer_restart
                0x000000000000e0c0       0x14 contiki-sky.a(stimer.o)
                0x000000000000e0c0                stimer_restart
 .text.stimer_expired
                0x000000000000e0d4       0x30 contiki-sky.a(stimer.o)
                0x000000000000e0d4                stimer_expired
 .text.index_from_key
                0x000000000000e104       0x48 contiki-sky.a(nbr-table.o)
 .text.item_from_key
                0x000000000000e14c       0x34 contiki-sky.a(nbr-table.o)
 .text.nbr_set_bit
                0x000000000000e180       0x8e contiki-sky.a(nbr-table.o)
 .text.index_from_lladdr
                0x000000000000e20e       0x42 contiki-sky.a(nbr-table.o)
 .text.nbr_get_bit.constprop.0
                0x000000000000e250       0x62 contiki-sky.a(nbr-table.o)
 .text.nbr_table_register
                0x000000000000e2b2       0x28 contiki-sky.a(nbr-table.o)
                0x000000000000e2b2                nbr_table_register
 .text.nbr_table_next
                0x000000000000e2da       0x90 contiki-sky.a(nbr-table.o)
                0x000000000000e2da                nbr_table_next
 .text.nbr_table_head
                0x000000000000e36a       0x36 contiki-sky.a(nbr-table.o)
                0x000000000000e36a                nbr_table_head
 .text.nbr_table_add_lladdr
                0x000000000000e3a0      0x144 contiki-sky.a(nbr-table.o)
                0x000000000000e3a0                nbr_table_add_lladdr
 .text.nbr_table_get_from_lladdr
                0x000000000000e4e4       0x48 contiki-sky.a(nbr-table.o)
                0x000000000000e4e4                nbr_table_get_from_lladdr
 .text.nbr_table_remove
                0x000000000000e52c       0x32 contiki-sky.a(nbr-table.o)
                0x000000000000e52c                nbr_table_remove
 .text.nbr_table_lock
                0x000000000000e55e       0x10 contiki-sky.a(nbr-table.o)
                0x000000000000e55e                nbr_table_lock
 .text.nbr_table_unlock
                0x000000000000e56e       0x10 contiki-sky.a(nbr-table.o)
                0x000000000000e56e                nbr_table_unlock
 .text.nbr_table_get_lladdr
                0x000000000000e57e       0x5a contiki-sky.a(nbr-table.o)
                0x000000000000e57e                nbr_table_get_lladdr
 .text.uip_icmp6_echo_request_input
                0x000000000000e5d8      0x12c contiki-sky.a(uip-icmp6.o)
                0x000000000000e5d8                uip_icmp6_echo_request_input
 .text.uip_icmp6_error_output
                0x000000000000e704      0x17a contiki-sky.a(uip-icmp6.o)
                0x000000000000e704                uip_icmp6_error_output
 .text.uip_icmp6_send
                0x000000000000e87e       0x96 contiki-sky.a(uip-icmp6.o)
                0x000000000000e87e                uip_icmp6_send
 .text.uip_udp_packet_send
                0x000000000000e914       0x2e contiki-sky.a(uip-udp-packet.)
                0x000000000000e914                uip_udp_packet_send
 .text.spi_init
                0x000000000000e942       0x32 contiki-sky.a(spi.o)
                0x000000000000e942                spi_init
 .text.libgcc   0x000000000000e974       0x2c /usr/lib/gcc/msp430/4.6.3/mmpy-16/libgcc.a(_mulsi3.o)
                0x000000000000e974                __mulsi3
 .text.libgcc   0x000000000000e9a0       0x22 /usr/lib/gcc/msp430/4.6.3/mmpy-16/libgcc.a(_udivmod16.o)
                0x000000000000e9a0                __udivhi3
                0x000000000000e9a0                __ext_udivmod16
                0x000000000000e9ba                __umodhi3
 .text.libgcc   0x000000000000e9c2       0x3a /usr/lib/gcc/msp430/4.6.3/mmpy-16/libgcc.a(_divmod16.o)
                0x000000000000e9c2                __ext_divmod16
                0x000000000000e9c2                __divhi3
                0x000000000000e9f4                __modhi3
 .text.libgcc   0x000000000000e9fc       0x40 /usr/lib/gcc/msp430/4.6.3/mmpy-16/libgcc.a(_udivmod32.o)
                0x000000000000e9fc                __udivsi3
                0x000000000000e9fc                __ext_udivmod32
                0x000000000000ea32                __umodsi3
 .text          0x000000000000ea3c       0x12 /usr/lib/gcc/msp430/4.6.3/../../../../msp430/lib/mmpy-16/libc.a(strchr.o)
                0x000000000000ea3c                strchr
 .text          0x000000000000ea4e       0x1c /usr/lib/gcc/msp430/4.6.3/../../../../msp430/lib/mmpy-16/libc.a(memchr.o)
                0x000000000000ea4e                memchr
 .text          0x000000000000ea6a       0x1e /usr/lib/gcc/msp430/4.6.3/../../../../msp430/lib/mmpy-16/libc.a(strcmp.o)
                0x000000000000ea6a                strcmp
 .text          0x000000000000ea88       0x28 /usr/lib/gcc/msp430/4.6.3/../../../../msp430/lib/mmpy-16/libc.a(strncmp.o)
                0x000000000000ea88                strncmp
 .text          0x000000000000eab0       0x20 /usr/lib/gcc/msp430/4.6.3/../../../../msp430/lib/mmpy-16/libc.a(memcmp.o)
                0x000000000000eab0                memcmp
 .text          0x000000000000ead0       0x14 /usr/lib/gcc/msp430/4.6.3/../../../../msp430/lib/mmpy-16/libc.a(strcpy.o)
                0x000000000000ead0                strcpy
 .text          0x000000000000eae4       0x2a /usr/lib/gcc/msp430/4.6.3/../../../../msp430/lib/mmpy-16/libc.a(strncpy.o)
                0x000000000000eae4                strncpy
 .text          0x000000000000eb0e       0xfa /usr/lib/gcc/msp430/4.6.3/../../../../msp430/lib/mmpy-16/libc.a(memcpy.o)
                0x000000000000eb0e                memcpy
 .text          0x000000000000ec08       0xfa /usr/lib/gcc/msp430/4.6.3/../../../../msp430/lib/mmpy-16/libc.a(memmove.o)
                0x000000000000ec08                memmove
 .text          0x000000000000ed02       0x6a /usr/lib/gcc/msp430/4.6.3/../../../../msp430/lib/mmpy-16/libc.a(memset.o)
                0x000000000000ed02                memset
 .text          0x000000000000ed6c       0x56 /usr/lib/gcc/msp430/4.6.3/../../../../msp430/lib/mmpy-16/libc.a(strstr.o)
                0x000000000000ed6c                strstr
 .text          0x000000000000edc2       0x1e /usr/lib/gcc/msp430/4.6.3/../../../../msp430/lib/mmpy-16/libc.a(printf.o)
                0x000000000000edc2                printf
                0x000000000000edd2                vprintf
 .text          0x000000000000ede0       0xbc /usr/lib/gcc/msp430/4.6.3/../../../../msp430/lib/mmpy-16/libc.a(sprintf.o)
                0x000000000000ee3e                sprintf
                0x000000000000ee5a                snprintf
                0x000000000000ee74                vsprintf
                0x000000000000ee8a                vsnprintf
 .text          0x000000000000ee9c      0x836 /usr/lib/gcc/msp430/4.6.3/../../../../msp430/lib/mmpy-16/libc.a(vuprintf.o)
                0x000000000000f034                vuprintf
 .text          0x000000000000f6d2       0x2c /usr/lib/gcc/msp430/4.6.3/../../../../msp430/lib/mmpy-16/libc.a(puts.o)
                0x000000000000f6d2                puts
 .text          0x000000000000f6fe       0x54 /usr/lib/gcc/msp430/4.6.3/../../../../msp430/lib/mmpy-16/libc.a(rand.o)
                0x000000000000f6fe                rand_r
                0x000000000000f722                rand
                0x000000000000f748                srand
 .text.libgcc   0x000000000000f752       0xf0 /usr/lib/gcc/msp430/4.6.3/mmpy-16/libgcc.a(_udivmod64.o)
                0x000000000000f752                __xabi_udivmod64
                0x000000000000f7b0                __udivdi3
                0x000000000000f7d6                __umoddi3
                0x000000000000f804                __udivmoddi4
 .text.crt0     0x000000000000f842        0x2 /usr/lib/gcc/msp430/4.6.3/mmpy-16/libcrt0.a(_unexpected_.o)
                0x000000000000f842                _unexpected_
                0x000000000000f844                . = ALIGN (0x2)

.rodata         0x000000000000f844      0x5fe
                0x000000000000f844                . = ALIGN (0x2)
 *(.rodata .rodata.* .gnu.linkonce.r.*)
 .rodata        0x000000000000f844      0x228 thermostat.co
                0x000000000000f9b0                autostart_processes
 .rodata        0x000000000000fa6c      0x10b obj_sky/contiki-sky-main.o
 *fill*         0x000000000000fb77        0x1 00
 .rodata        0x000000000000fb78        0x8 contiki-sky.a(rimeaddr.o)
                0x000000000000fb78                rimeaddr_null
 .rodata        0x000000000000fb80       0x18 contiki-sky.a(nullrdc.o)
                0x000000000000fb88                nullrdc_driver
 .rodata        0x000000000000fb98        0x4 contiki-sky.a(framer-802154.o)
                0x000000000000fb98                framer_802154
 .rodata        0x000000000000fb9c       0x14 contiki-sky.a(csma.o)
                0x000000000000fba2                csma_driver
 .rodata        0x000000000000fbb0        0xc contiki-sky.a(etimer.o)
 .rodata        0x000000000000fbbc        0xf contiki-sky.a(ctimer.o)
 *fill*         0x000000000000fbcb        0x1 00
 .rodata        0x000000000000fbcc       0x24 contiki-sky.a(sicslowpan.o)
                0x000000000000fbd8                sicslowpan_driver
                0x000000000000fbde                llprefix
                0x000000000000fbe0                unc_mxconf
                0x000000000000fbe4                unc_ctxconf
                0x000000000000fbe8                unc_llconf
 .rodata        0x000000000000fbf0        0xd contiki-sky.a(tcpip.o)
 *fill*         0x000000000000fbfd        0x1 00
 .rodata        0x000000000000fbfe       0xd2 contiki-sky.a(er-coap-13.o)
 .rodata        0x000000000000fcd0      0x104 contiki-sky.a(er-coap-13-engi)
                0x000000000000fd22                coap_rest_implementation
 .rodata        0x000000000000fdd4       0x1d contiki-sky.a(er-coap-13-obse)
 .rodata        0x000000000000fdf1        0xd contiki-sky.a(erbium.o)
 .rodata        0x000000000000fdfe       0x10 contiki-sky.a(button-sensor.o)
                0x000000000000fe06                button_sensor
 .rodata        0x000000000000fe0e        0x8 contiki-sky.a(sensors.o)
 .rodata        0x000000000000fe16       0x22 contiki-sky.a(cc2420.o)
                0x000000000000fe16                cc2420_driver
 .rodata        0x000000000000fe38        0x2 contiki-sky.a(frame802154.o)
 .rodata        0x000000000000fe3a        0x7 /usr/lib/gcc/msp430/4.6.3/../../../../msp430/lib/mmpy-16/libc.a(vuprintf.o)
                0x000000000000fe42                . = ALIGN (0x2)
 *fill*         0x000000000000fe41        0x1 00
                0x000000000000fe42                _etext = .

.data           0x0000000000001100      0x14e load address 0x000000000000fe42
                0x0000000000001100                . = ALIGN (0x2)
                0x0000000000001100                PROVIDE (__data_start, .)
 *(.data .data.* .gnu.linkonce.d.*)
 .data          0x0000000000001100       0x68 thermostat.co
                0x0000000000001100                sensor_smtthmst_process
                0x000000000000110a                resource_set_device
                0x000000000000111c                periodic_resource_get_temperature
                0x0000000000001132                resource_get_temperature
                0x0000000000001144                resource_get_status
                0x0000000000001156                resource_discover
 .data          0x0000000000001168       0x18 contiki-sky.a(csma.o)
 .data          0x0000000000001180        0xa contiki-sky.a(etimer.o)
                0x0000000000001180                etimer_process
 .data          0x000000000000118a        0xa contiki-sky.a(ctimer.o)
                0x000000000000118a                ctimer_process
 .data          0x0000000000001194       0x18 contiki-sky.a(queuebuf.o)
 .data          0x00000000000011ac        0xa contiki-sky.a(tcpip.o)
                0x00000000000011ac                tcpip_process
 .data          0x00000000000011b6       0x18 contiki-sky.a(uip-ds6-route.o)
 .data          0x00000000000011ce        0xa contiki-sky.a(uip-ds6-nbr.o)
                0x00000000000011ce                ds6_neighbors
 .data          0x00000000000011d8        0x2 contiki-sky.a(er-coap-13.o)
                0x00000000000011d8                coap_error_message
 .data          0x00000000000011da       0x1c contiki-sky.a(er-coap-13-engi)
                0x00000000000011da                resource_well_known_core
                0x00000000000011ec                coap_receiver
 .data          0x00000000000011f6        0x8 contiki-sky.a(er-coap-13-tran)
 .data          0x00000000000011fe        0x8 contiki-sky.a(er-coap-13-obse)
 .data          0x0000000000001206        0xa contiki-sky.a(erbium.o)
                0x0000000000001206                rest_manager_process
 .data          0x0000000000001210        0x4 contiki-sky.a(contiki-sky-pla)
                0x0000000000001210                sensors
 .data          0x0000000000001214        0xa contiki-sky.a(sensors.o)
                0x0000000000001214                sensors_process
 .data          0x000000000000121e        0xa contiki-sky.a(cc2420.o)
                0x000000000000121e                cc2420_process
 .data          0x0000000000001228        0x2 contiki-sky.a(msp430.o)
 .data          0x000000000000122a        0x8 contiki-sky.a(rpl-dag.o)
 .data          0x0000000000001232        0x1 contiki-sky.a(rpl-icmp6.o)
 *fill*         0x0000000000001233        0x1 00
 .data          0x0000000000001234        0xe contiki-sky.a(rpl-mrhof.o)
                0x0000000000001234                rpl_mrhof
 .data          0x0000000000001242        0x8 contiki-sky.a(nbr-table.o)
 .data          0x000000000000124a        0x4 /usr/lib/gcc/msp430/4.6.3/../../../../msp430/lib/mmpy-16/libc.a(rand.o)
                0x000000000000124e                . = ALIGN (0x2)
                0x000000000000124e                _edata = .
                0x000000000000fe42                PROVIDE (__data_load_start, LOADADDR (.data))
                0x000000000000014e                PROVIDE (__data_size, SIZEOF (.data))

.bss            0x000000000000124e     0x15d0 load address 0x000000000000ff90
                0x000000000000124e                PROVIDE (__bss_start, .)
 *(.bss .bss.*)
 .bss           0x000000000000124e       0x94 thermostat.co
 .bss           0x00000000000012e2        0xc obj_sky/contiki-sky-main.o
 .bss           0x00000000000012ee        0x2 contiki-sky.a(framer-802154.o)
 .bss           0x00000000000012f0       0x8a contiki-sky.a(csma.o)
 .bss           0x000000000000137a       0x42 contiki-sky.a(process.o)
                0x000000000000137a                process_current
                0x000000000000137c                process_list
 .bss           0x00000000000013bc        0x6 contiki-sky.a(etimer.o)
 .bss           0x00000000000013c2        0x4 contiki-sky.a(ctimer.o)
 .bss           0x00000000000013c6        0x2 contiki-sky.a(rtimer.o)
 .bss           0x00000000000013c8       0xba contiki-sky.a(packetbuf.o)
 .bss           0x0000000000001482      0x3c6 contiki-sky.a(queuebuf.o)
 .bss           0x0000000000001848      0x122 contiki-sky.a(sicslowpan.o)
 .bss           0x000000000000196a        0xe contiki-sky.a(tcpip.o)
 .bss           0x0000000000001978      0x19e contiki-sky.a(uip-ds6-route.o)
 .bss           0x0000000000001b16      0x168 contiki-sky.a(uip-ds6-nbr.o)
 .bss           0x0000000000001c7e       0x18 contiki-sky.a(uip-ds6.o)
 .bss           0x0000000000001c96        0xa contiki-sky.a(uip-nd6.o)
 .bss           0x0000000000001ca0        0xa contiki-sky.a(uip6.o)
                0x0000000000001ca0                uip_ext_opt_offset
                0x0000000000001ca2                uip_ext_len
                0x0000000000001ca4                uip_ext_bitmap
 .bss           0x0000000000001caa        0x6 contiki-sky.a(er-coap-13.o)
                0x0000000000001caa                coap_error_code
 .bss           0x0000000000001cb0       0xf8 contiki-sky.a(er-coap-13-engi)
 .bss           0x0000000000001da8      0x2c0 contiki-sky.a(er-coap-13-tran)
 .bss           0x0000000000002068       0x94 contiki-sky.a(er-coap-13-obse)
 .bss           0x00000000000020fc        0x4 contiki-sky.a(erbium.o)
 .bss           0x0000000000002100        0x8 contiki-sky.a(button-sensor.o)
 .bss           0x0000000000002108        0x2 contiki-sky.a(node-id.o)
                0x0000000000002108                node_id
 .bss           0x000000000000210a        0x6 contiki-sky.a(sensors.o)
 .bss           0x0000000000002110        0xa contiki-sky.a(cc2420.o)
 .bss           0x000000000000211a       0x9a contiki-sky.a(uart1.o)
 .bss           0x00000000000021b4        0xa contiki-sky.a(clock.o)
 .bss           0x00000000000021be        0x2 contiki-sky.a(leds.o)
 .bss           0x00000000000021c0        0x2 contiki-sky.a(watchdog.o)
 .bss           0x00000000000021c2       0x64 contiki-sky.a(rpl-dag.o)
 .bss           0x0000000000002226       0x18 contiki-sky.a(rpl-timers.o)
 .bss           0x000000000000223e       0x96 contiki-sky.a(nbr-table.o)
 .bss           0x00000000000022d4       0x10 contiki-sky.a(uip-icmp6.o)
 .bss           0x00000000000022e4        0x4 /usr/lib/gcc/msp430/4.6.3/../../../../msp430/lib/mmpy-16/libc.a(sprintf.o)
 *(COMMON)
 COMMON         0x00000000000022e8        0x8 contiki-sky.a(rimeaddr.o)
                0x00000000000022e8                rimeaddr_node_addr
 COMMON         0x00000000000022f0        0x1 contiki-sky.a(process.o)
                0x00000000000022f0                process_maxevents
 *fill*         0x00000000000022f1        0x1 00
 COMMON         0x00000000000022f2       0x56 contiki-sky.a(energest.o)
                0x00000000000022f2                energest_total_time
                0x0000000000002322                energest_total_count
                0x0000000000002324                energest_current_mode
                0x0000000000002330                energest_current_time
 COMMON         0x0000000000002348       0x50 contiki-sky.a(packetbuf.o)
                0x0000000000002348                packetbuf_addrs
                0x0000000000002368                packetbuf_attrs
 COMMON         0x0000000000002398        0x8 contiki-sky.a(sicslowpan.o)
                0x0000000000002398                frag_sender
 COMMON         0x00000000000023a0        0x1 contiki-sky.a(tcpip.o)
                0x00000000000023a0                tcpip_event
 *fill*         0x00000000000023a1        0x1 00
 COMMON         0x00000000000023a2      0x15c contiki-sky.a(uip-ds6.o)
                0x00000000000023a2                uip_ds6_timer_ra
                0x00000000000023aa                uip_ds6_if
                0x0000000000002496                uip_ds6_netif_addr_list_offset
                0x0000000000002497                uip_ds6_addr_size
                0x0000000000002498                uip_ds6_prefix_list
                0x00000000000024f2                uip_ds6_timer_periodic
 COMMON         0x00000000000024fe      0x240 contiki-sky.a(uip6.o)
                0x00000000000024fe                uip_len
                0x0000000000002500                uip_sappdata
                0x0000000000002502                uip_lladdr
                0x000000000000250a                uip_aligned_buf
                0x00000000000025fa                uip_flags
                0x00000000000025fc                uip_next_hdr
                0x00000000000025fe                uip_udp_conn
                0x0000000000002600                uip_appdata
                0x0000000000002602                uip_conn
                0x0000000000002604                uip_slen
                0x0000000000002606                uip_udp_conns
 COMMON         0x000000000000273e        0x2 contiki-sky.a(contiki-sky-pla)
                0x000000000000273e                sensors_flags
 COMMON         0x0000000000002740        0x8 contiki-sky.a(ds2411.o)
                0x0000000000002740                ds2411_id
 COMMON         0x0000000000002748        0x1 contiki-sky.a(sensors.o)
                0x0000000000002748                sensors_event
 *fill*         0x0000000000002749        0x1 00
 COMMON         0x000000000000274a       0x14 contiki-sky.a(cc2420.o)
                0x000000000000274a                cc2420_last_rssi
                0x000000000000274c                cc2420_packets_read
                0x000000000000274e                cc2420_packets_seen
                0x0000000000002750                cc2420_sfd_start_time
                0x0000000000002752                cc2420_time_of_departure
                0x0000000000002754                cc2420_time_of_arrival
                0x0000000000002756                cc2420_last_correlation
                0x0000000000002758                cc2420_authority_level_of_sender
                0x000000000000275a                cc2420_sfd_counter
                0x000000000000275c                cc2420_sfd_end_time
 COMMON         0x000000000000275e        0x2 contiki-sky.a(msp430.o)
                0x000000000000275e                msp430_dco_required
 COMMON         0x0000000000002760       0xbe contiki-sky.a(rpl-dag.o)
                0x0000000000002760                default_instance
                0x0000000000002762                instance_table
                0x000000000000281e                . = ALIGN (0x2)
                0x000000000000281e                PROVIDE (__bss_end, .)
                0x00000000000015d0                PROVIDE (__bss_size, SIZEOF (.bss))

.noinit         0x000000000000281e        0x2 load address 0x000000000000ff90
                0x000000000000281e                PROVIDE (__noinit_start, .)
 *(.noinit .noinit.*)
 .noinit.crt0   0x000000000000281e        0x2 /usr/lib/gcc/msp430/4.6.3/mmpy-16/libcrt0.a(__watchdog_support.o)
                0x000000000000281e                __wdt_clear_value
                0x0000000000002820                . = ALIGN (0x2)
                0x0000000000002820                PROVIDE (__noinit_end, .)
                0x0000000000002820                . = ALIGN (0x2)
                0x0000000000002820                _end = .

.infomem        0x0000000000001000        0x0
 *(.infomem)
                0x0000000000001000                . = ALIGN (0x2)
 *(.infomem.*)

.infomemnobits  0x0000000000001000        0x0
 *(.infomemnobits)
                0x0000000000001000                . = ALIGN (0x2)
 *(.infomemnobits.*)

.infoa
 *(.infoa .infoa.*)

.infob
 *(.infob .infob.*)

.infoc
 *(.infoc .infoc.*)

.infod
 *(.infod .infod.*)

.vectors        0x000000000000ffe0       0x20
                0x000000000000ffe0                PROVIDE (__vectors_start, .)
 *(.vectors*)
 .vectors       0x000000000000ffe0       0x20 /usr/lib/gcc/msp430/4.6.3/mmpy-16/crt0ivtbl16.o
                0x000000000000ffe0                __ivtbl_16
                0x0000000000010000                _vectors_end = .

.fartext        0x0000000000000000        0x0